       Fresh unicode-ident v1.0.24
       Fresh cfg-if v1.0.4
       Fresh proc-macro2 v1.0.106
       Fresh quote v1.0.45
       Fresh memchr v2.8.0
       Fresh syn v2.0.117
       Fresh libc v0.2.185
       Fresh serde_core v1.0.228
       Fresh serde_derive v1.0.228
       Fresh getrandom v0.4.2
       Fresh serde v1.0.228
       Fresh zmij v1.0.21
       Fresh itoa v1.0.18
       Fresh serde_json v1.0.149
       Fresh ref-cast-impl v1.0.25
       Fresh serde_derive_internals v0.29.1
       Fresh schemars_derive v1.2.1
       Fresh ref-cast v1.0.25
       Fresh uuid v1.23.1
       Fresh thiserror-impl v2.0.18
       Fresh zerocopy-derive v0.8.48
       Fresh dyn-clone v1.0.20
       Fresh shlex v1.3.0
       Fresh once_cell v1.21.4
       Fresh find-msvc-tools v0.1.9
       Fresh schemars v1.2.1
       Fresh zerocopy v0.8.48
       Fresh cc v1.2.60
       Fresh thiserror v2.0.18
       Fresh async-trait v0.1.89
       Fresh static_assertions v1.1.0
       Fresh chronos-domain v0.1.1 (/var/mnt/DiscoChino2-fast/Proyectos/rust/chronos/crates/chronos-domain)
       Fresh twox-hash v1.6.3
       Fresh simd-adler32 v0.3.9
       Fresh adler2 v2.0.1
       Fresh bitflags v2.11.1
       Fresh smallvec v1.15.1
       Fresh autocfg v1.5.0
       Fresh miniz_oxide v0.8.9
       Fresh crc32fast v1.5.0
       Fresh getrandom v0.3.4
       Fresh crossbeam-utils v0.8.21
       Fresh arrayvec v0.7.6
       Fresh constant_time_eq v0.4.2
       Fresh twox-hash v2.1.2
       Fresh pin-project-lite v0.2.17
       Fresh cpufeatures v0.3.0
       Fresh arrayref v0.3.9
       Fresh scopeguard v1.2.0
       Fresh lz4_flex v0.11.6
       Fresh blake3 v1.8.4
       Fresh lock_api v0.4.14
       Fresh rand_core v0.9.5
       Fresh crossbeam-epoch v0.9.18
       Fresh flate2 v1.1.9
       Fresh parking_lot_core v0.9.12
       Fresh errno v0.3.14
       Fresh derive_more v0.99.20
       Fresh linux-raw-sys v0.12.1
       Fresh byteorder v1.5.0
       Fresh cfg_aliases v0.2.1
       Fresh regex-syntax v0.8.10
       Fresh equivalent v1.0.2
       Fresh hashbrown v0.17.0
       Fresh either v1.15.0
       Fresh indexmap v2.14.0
       Fresh ruzstd v0.6.0
       Fresh rustix v1.1.4
       Fresh parking_lot v0.12.5
       Fresh signal-hook-registry v1.4.8
       Fresh num-traits v0.2.19
       Fresh crossbeam-deque v0.8.6
       Fresh tracing-core v0.1.36
       Fresh half v2.7.1
       Fresh socket2 v0.6.3
       Fresh tokio-macros v2.7.0
       Fresh tracing-attributes v0.1.31
       Fresh mio v1.2.0
       Fresh clap_lex v1.1.0
       Fresh anstyle v1.0.14
       Fresh plotters-backend v0.3.7
       Fresh fastrand v2.4.1
       Fresh bytes v1.11.1
       Fresh hex v0.4.3
       Fresh fallible-iterator v0.3.0
       Fresh stable_deref_trait v1.2.1
       Fresh ciborium-io v0.2.2
       Fresh tokio v1.52.1
       Fresh gimli v0.29.0
       Fresh chronos-log v0.1.0 (/var/mnt/DiscoChino2-fast/Proyectos/rust/chronos/crates/chronos-log)
       Fresh ciborium-ll v0.2.2
       Fresh tempfile v3.27.0
       Fresh plotters-svg v0.3.7
       Fresh clap_builder v4.6.0
       Fresh tracing v0.1.44
       Fresh rayon-core v1.13.0
       Fresh cpp_demangle v0.4.5
       Fresh object v0.35.0
       Fresh itertools v0.10.5
       Fresh regex-automata v0.4.14
       Fresh ruzstd v0.7.3
       Fresh ppv-lite86 v0.2.21
       Fresh wait-timeout v0.2.1
       Fresh memmap2 v0.9.10
       Fresh quick-error v1.2.3
       Fresh rustc-demangle v0.1.27
       Fresh bit-vec v0.8.0
       Fresh fnv v1.0.7
       Fresh cast v0.3.0
       Fresh same-file v1.0.6
       Fresh bit-set v0.8.0
       Fresh rusty-fork v0.3.1
       Fresh criterion-plot v0.5.0
       Fresh walkdir v2.5.0
       Fresh addr2line v0.22.0
       Fresh object v0.36.7
       Fresh regex v1.12.3
       Fresh rand_chacha v0.9.0
       Fresh nix v0.29.0
       Fresh rayon v1.12.0
       Fresh clap v4.6.1
       Fresh plotters v0.3.7
       Fresh redb v2.6.3
       Fresh ciborium v0.2.2
       Fresh chronos-capture v0.1.1 (/var/mnt/DiscoChino2-fast/Proyectos/rust/chronos/crates/chronos-capture)
       Fresh rand_xorshift v0.4.0
       Fresh rand v0.9.5
       Fresh chronos-index v0.1.1 (/var/mnt/DiscoChino2-fast/Proyectos/rust/chronos/crates/chronos-index)
       Fresh tinytemplate v1.2.1
       Fresh bincode v1.3.3
       Fresh is-terminal v0.4.17
       Fresh unarray v0.1.4
       Fresh anes v0.1.6
       Fresh oorandom v11.1.5
       Fresh chronos-store v0.1.1 (/var/mnt/DiscoChino2-fast/Proyectos/rust/chronos/crates/chronos-store)
       Fresh criterion v0.5.1
       Fresh proptest v1.11.0
       Fresh chronos-query v0.1.1 (/var/mnt/DiscoChino2-fast/Proyectos/rust/chronos/crates/chronos-query)
       Fresh chronos-native v0.1.1 (/var/mnt/DiscoChino2-fast/Proyectos/rust/chronos/crates/chronos-native)
       Fresh chronos-services v0.1.1 (/var/mnt/DiscoChino2-fast/Proyectos/rust/chronos/crates/chronos-services)
    Finished `test` profile [unoptimized + debuginfo] target(s) in 0.22s
     Running `/var/home/rubentxu/cargo-targets/debug/deps/chronos_services-f66f98ed2a02db76`

running 539 tests
test analysis::tests::mutation_lens_returns_session_not_found ... ok
test analysis::tests::causal_slice_returns_event_not_found ... ok
test analysis::tests::mutation_lens_target_filter_isolates_one_variable ... ok
test analysis::tests::mutation_lens_emits_transitions_for_consecutive_writes ... ok
test analysis::tests::mutation_lens_truncates_to_limit ... ok
test analysis::tests::causal_slice_includes_thread_consecutive_events ... ok
test analysis::tests::causal_slice_includes_only_sink_when_no_thread_history ... ok
test concurrency_graph::tests::add_edge_records_observed_relation ... ok
test concurrency_graph::tests::add_event_increments_count ... ok
test concurrency_graph::tests::concurrent_pairs_excludes_self ... ok
test concurrency_graph::tests::concurrent_pairs_excludes_ordered_pairs ... ok
test concurrency_graph::tests::cycle_detected_as_mutual_happens_before ... ok
test concurrency_graph::tests::edge_kind_labels_are_distinct ... ok
test concurrency_graph::tests::empty_graph_has_no_events ... ok
test concurrency_graph::tests::events_sorted_returns_in_id_order ... ok
test concurrency_graph::tests::from_index_with_empty_index_yields_empty_graph ... ok
test concurrency_graph::tests::from_index_with_recorded_writes_populates_events ... ok
test concurrency_graph::tests::is_observed_excludes_only_unknown ... ok
test concurrency_graph::tests::self_edge_is_rejected ... ok
test concurrency_graph::tests::transitive_happens_before_via_chain ... ok
test concurrency_graph::tests::unknown_edge_does_not_propagate ... ok
test concurrency_perturbation::tests::chained_perturbations_still_unsupported ... ok
test concurrency_perturbation::tests::drop_event_makes_pair_unsupported ... ok
test concurrency_perturbation::tests::drop_file_keeps_pair_baseline_verdict ... ok
test concurrency_perturbation::tests::drop_function_makes_pair_unsupported ... ok
test concurrency_perturbation::tests::drop_line_keeps_pair_baseline_verdict ... ok
test concurrency_perturbation::tests::drop_thread_id_makes_pair_suspicious ... ok
test concurrency_perturbation::tests::drop_timestamp_makes_pair_unsupported ... ok
test concurrency_perturbation::tests::expected_outcomes_match_adr_contract ... ok
test concurrency_perturbation::tests::perturbation_labels_are_distinct ... ok
test concurrency_perturbation::tests::verify_contract_returns_all_six_outcomes ... ok
test counterexample::tests::counterexample_bundle_summary_has_full_bundle_false_is_m8_01_state ... ok
test counterexample::tests::counterexample_context_is_send_when_inner_fields_are_send ... ok
test counterexample::tests::counterexample_get_signature_accepts_bundle_id_string ... ok
test counterexample::tests::counterexample_input_default_max_rounds_is_64 ... ok
test counterexample::tests::counterexample_list_filter_default_has_zero_limit ... ok
test counterexample::tests::m8_02_run_error_maps_to_documented_service_error_variants ... ok
test counterexample::tests::m8_02_shrink_config_default_matches_pinned_max_rounds ... ok
test counterexample::tests::m8_02_shrink_input_variant_carries_documented_four_fields ... ok
test counterexample::tests::m8_02_shrunk_variant_carries_exactly_one_payload ... ok
test counterexample::tests::m8_02_shrink_config_to_proptest_enforces_case_ceiling ... ok
test counterexample::tests::m8_03_build_strategy_returns_original_existence_predicate_via_runner ... ok
test counterexample::tests::m8_03_build_strategy_returns_original_hypothesis_via_runner ... ok
test counterexample::tests::m8_03_shrink_invariant_returns_documented_one_round_tuple ... ok
test counterexample::tests::m8_05_build_strategy_call_path_initial_sample_equals_target ... ok
test counterexample::tests::m8_05_build_strategy_invariant_initial_sample_equals_target ... ok
test counterexample::tests::m8_05_build_strategy_existence_initial_sample_equals_target ... ok
test counterexample::tests::m8_05_drive_strategy_with_passing_async_test_falls_back_to_target ... ok
test counterexample::tests::m8_05_drive_strategy_with_violating_async_test_returns_initial ... ok
test counterexample::tests::m8_06_bool_strategy_returns_base_no_shrink ... ok
test counterexample::tests::m8_05_shrink_invariant_empty_engines_session_not_found ... ok
test counterexample::tests::m8_06_call_path_strategy_max_depth_shrinks_to_none ... ok
test counterexample::tests::m8_06_number_strategy_shrinks_toward_zero ... ok
test counterexample::tests::m8_06_drive_strategy_with_text_shrinker_terminates_at_empty ... ok
test counterexample::tests::m8_06_text_strategy_converges_to_empty ... ok
test counterexample::tests::m8_06_existence_predicate_strategy_event_type_shrinks_string ... ok
test counterexample::tests::m8_06_call_path_strategy_shrinks_caller_and_callee ... ok
test counterexample::tests::m8_06_number_strategy_converges_within_max_rounds ... ok
test debug_read::tests::analyze_memory_session_not_found ... ok
test counterexample::tests::m8_06_existence_predicate_strategy_thread_shrinks_u64 ... ok
test counterexample::tests::m8_06_drive_strategy_with_number_shrinker_terminates_at_zero ... ok
test debug_read::tests::diff_session_not_found ... ok
test debug_read::tests::evaluate_expression_session_not_found ... ok
test debug_read::tests::evaluate_expression_ok ... ok
test debug_read::tests::forensic_audit_session_not_found ... ok
test debug_read::tests::get_memory_session_not_found ... ok
test debug_read::tests::get_memory_ok ... ok
test debug_read::tests::get_registers_event_not_found ... ok
test debug_read::tests::get_registers_session_not_found ... ok
test debug_read::tests::get_variables_ok ... ok
test debug_read::tests::get_variables_session_not_found ... ok
test debug_trace::tests::debug_call_graph_session_not_found ... ok
test debug_trace::tests::call_graph_deduplicates_edges ... ok
test debug_trace::tests::debug_call_graph_ok ... ok
test debug_trace::tests::empty_engine_returns_empty_results ... ok
test debug_trace::tests::deep_call_graph_verifies_caller_relationships ... ok
test debug_trace::tests::get_call_stack_ok ... ok
test debug_trace::tests::get_call_stack_session_not_found ... ok
test debug_trace::tests::get_event_not_found ... ok
test debug_trace::tests::get_event_ok ... ok
test debug_trace::tests::get_event_session_not_found ... ok
test debug_trace::tests::get_execution_summary_session_not_found ... ok
test debug_trace::tests::get_execution_summary_ok ... ok
test debug_trace::tests::query_events_ok ... ok
test debug_trace::tests::state_diff_session_not_found ... ok
test debug_trace::tests::state_diff_ok ... ok
test debug_trace_specialized::tests::detect_races_empty_engine ... ok
test debug_trace_specialized::tests::detect_races_ok ... ok
test debug_trace_specialized::tests::expand_hotspot_ok ... ok
test counterexample::tests::m8_07_hypothesis_input_roundtrip_existence_all_predicate_variants ... ok
test debug_trace_specialized::tests::expand_hotspot_session_not_found ... ok
test debug_read::tests::diff_both_events_missing_returns_zero_delta ... ok
test debug_read::tests::get_memory_not_found ... ok
test debug_trace_specialized::tests::find_variable_origin_empty_engine ... ok
test debug_trace_specialized::tests::find_variable_origin_ok ... ok
test debug_trace_specialized::tests::find_crash_ok ... ok
test debug_trace_specialized::tests::find_crash_session_not_found ... ok
test debug_trace_specialized::tests::find_variable_origin_session_not_found ... ok
test debug_trace_specialized::tests::get_saliency_scores_empty_engine ... ok
test debug_trace_specialized::tests::detect_races_session_not_found ... ok
test debug_trace_specialized::tests::get_saliency_scores_ok ... ok
test counterexample::tests::m8_07_hypothesis_input_roundtrip_existence ... ok
test counterexample::tests::m8_07_hypothesis_input_roundtrip_invariant_with_property_target ... ok
test debug_trace_specialized::tests::inspect_causality_empty_engine ... ok
test debug_trace_specialized::tests::inspect_causality_ok ... ok
test debug_trace_specialized::tests::inspect_causality_session_not_found ... ok
test debug_trace_specialized::tests::get_saliency_scores_session_not_found ... ok
test counterexample::tests::m8_07_hypothesis_input_roundtrip_call_path ... ok
test counterexample::tests::m8_06_text_strategy_shrinks_toward_empty ... ok
test events_cursor::tests::accepts_u64_max ... ok
test events_cursor::tests::advanced_to_is_monotonic_and_value_semantic ... ok
test events_cursor::tests::cursor_has_no_public_fields_and_no_offset_surface ... ok
test counterexample::tests::m8_07_hypothesis_input_roundtrip_invariant_preserves_non_defaults ... ok
test events_cursor::tests::rejects_foreign_prefix ... ok
test debug_trace::tests::query_events_session_not_found ... ok
test events_cursor::tests::rejects_unsupported_version_before_anything_else ... ok
test events_cursor::tests::rejects_malformed_shapes ... ok
test events_cursor::tests::roundtrip_survives_colons_and_unicode_in_session_id ... ok
test events_cursor::tests::session_check_accepts_match ... ok
test events_cursor::tests::rejects_negative_and_non_u64_seq ... ok
test debug_trace_specialized::tests::find_crash_no_signal ... ok
test events_cursor::tests::roundtrip_is_stable ... ok
test debug_trace_specialized::tests::expand_hotspot_empty_engine ... ok
test events_cursor::tests::session_check_rejects_mismatch ... ok
test events_cursor::tests::start_is_at_zero_with_current_schema ... ok
test events_cursor::tests::session_check_surfaces_malformed_not_wrong_session ... ok
test events_log_read::rec_c1_3_stall_tests::an_exhausted_backend_is_still_a_normal_empty_result ... ok
test events_log_read::rec_c1_3_stall_tests::t5_find_by_id_stalls_loudly_and_never_loops ... ok
test events_log_read::rec_c1_3_stall_tests::c14_no_proof_available_is_unknown_never_complete ... ok
test events_log_read::rec_c1_3_stall_tests::c14_invariant_gaps_in_range_never_yield_complete ... ok
test events_log_read::rec_c1_3_stall_tests::t4_read_page_stalls_loudly_and_emits_no_cursor ... ok
test events_log_read::rec_c1_6_wire_facts_tests::wire_ret_1_zero_retained_from_is_not_truncated ... ok
test events_log_read::rec_c1_6_wire_facts_tests::wire_tail_1_open_state_carries_tail_seq ... ok
test events_log_read::rec_c1_6_wire_facts_tests::wire_tail_state_serializes_as_snake_case ... ok
test execution_explorer::tests::action_required_permissions_table ... ok
test execution_explorer::tests::deny_by_default_empty_required_passes ... ok
test execution_explorer::tests::deny_by_default_wrong_permission_denies ... ok
test execution_explorer::tests::permissions_empty_has_no_bits ... ok
test events_log_read::rec_c1_6_wire_facts_tests::wire_ret_2_nonzero_retained_from_marks_truncated ... ok
test events_log_read::rec_c1_6_wire_facts_tests::wire_tail_3_unknown_state_drops_tail_seq_even_if_log_has_one ... ok
test execution_explorer::tests::deny_by_default_empty_granted_with_required_denies ... ok
test events_log_read::rec_c1_6_wire_facts_tests::wire_retention_serializes_with_two_flat_fields ... ok
test execution_explorer::tests::permissions_from_single_bit ... ok
test execution_explorer::tests::permissions_from_slice_preserves_all_bits ... ok
test execution_explorer::tests::permission_labels_distinct ... ok
test execution_explorer::tests::permissions_iter_returns_canonical_order ... ok
test execution_explorer::tests::read_compare_requires_read_compare ... ok
test events_log_read::rec_c1_6_wire_facts_tests::wire_tail_2_sealed_state_carries_tail_seq ... ok
test execution_explorer::tests::process_returns_stub_payload_for_permitted_action ... ok
test execution_explorer::tests::read_events_action_requires_read_events ... ok
test execution_explorer::tests::read_memory_with_read_debug_is_permitted ... ok
test execution_explorer::tests::read_memory_without_read_debug_is_denied ... ok
test execution_explorer::tests::request_serde_round_trip ... ok
test canonical_drain::tests::drain_2_firings_come_from_evidence_not_configuration ... ok
test execution_query::tests::call_graph_uses_default_max_depth_10 ... ok
test execution_query::tests::call_stack_missing_event_id_returns_invalid_input ... ok
test execution_query::tests::execution_summary_with_no_target_succeeds_or_session_not_found ... ok
test execution_query::tests::hotspot_uses_default_top_n_10 ... ok
test execution_query::tests::output_serializes_with_kind_tag ... ok
test execution_query::tests::race_detect_uses_default_threshold_ns_100 ... ok
test execution_query::tests::saliency_uses_default_saliency_limit_20 ... ok
test health_check::tests::component_degraded_requires_details ... ok
test health_check::tests::component_healthy_has_no_details ... ok
test health_check::tests::component_unhealthy_requires_details ... ok
test health_check::tests::labels_are_distinct ... ok
test health_check::tests::report_all_healthy_is_healthy ... ok
test health_check::tests::report_status_uses_worst_status ... ok
test health_check::tests::serialize_produces_snake_case_json ... ok
test health_check::tests::serialize_round_trip_preserves_all_fields ... ok
test health_check::tests::status_ord_is_monotonic_in_severity ... ok
test health_check::tests::unhealthy_component_includes_details_in_json ... ok
test health_check::tests::worst_status_empty_returns_healthy ... ok
test health_check::tests::worst_status_returns_max ... ok
test hypothesis_test::tests::call_path_missing_caller_unsupported ... ok
test hypothesis_test::tests::call_path_reachable_pass ... ok
test hypothesis_test::tests::call_path_self_loop_pass ... ok
test hypothesis_test::tests::call_path_unreachable_violation ... ok
test hypothesis_test::tests::existence_empty_session_unsupported ... ok
test hypothesis_test::tests::existence_event_type_pass ... ok
test hypothesis_test::tests::existence_no_match_violation ... ok
test hypothesis_test::tests::invariant_event_count_ge_violation ... ok
test hypothesis_test::tests::invariant_event_count_lt_pass ... ok
test hypothesis_test::tests::invariant_latency_ms_unsupported_with_reason ... ok
test hypothesis_test::tests::invariant_property_value_eq_pass ... ok
test hypothesis_test::tests::invariant_property_value_missing_unsupported ... ok
test hypothesis_test::tests::session_not_found_returns_error ... ok
test language_capabilities::tests::default_for_unknown_is_cert1 ... ok
test language_capabilities::tests::matrix_adapters_are_cert3_or_higher ... ok
test language_capabilities::tests::matrix_contains_all_advertised_adapters ... ok
test language_capabilities::tests::tier_for_known_languages ... ok
test language_capabilities::tests::tier_for_unknown_default ... ok
test language_capabilities::tests::tier_labels_are_distinct ... ok
test language_fixtures::tests::audit_optimistic_zero_downgrades ... ok
test language_fixtures::tests::audit_pessimistic_downgrades_all_cert3_and_above ... ok
test language_fixtures::tests::cert1_has_no_requirement_regardless_of_fixture ... ok
test language_fixtures::tests::cert2_holds_even_with_missing_fixture ... ok
test language_fixtures::tests::cert3_missing_fixture_downgrades_to_cert2_with_reason ... ok
test language_fixtures::tests::cert3_present_fixture_holds ... ok
test language_fixtures::tests::cert4_missing_fixture_downgrades_to_cert3 ... ok
test language_fixtures::tests::effective_tier_for_unknown_language_returns_cert1 ... ok
test language_fixtures::tests::serde_round_trip_preserves_report ... ok
test language_fixtures::tests::summary_counts_declared_tiers_and_fixture_statuses ... ok
test live_streaming::tests::advance_backward_is_rejected ... ok
test live_streaming::tests::advance_forward_succeeds ... ok
test live_streaming::tests::advance_to_same_seq_is_noop ... ok
test live_streaming::tests::causality_status_for_engine_promotes_to_wired_with_index ... ok
test live_streaming::tests::causality_status_for_engine_returns_unsupported_when_no_index ... ok
test live_streaming::tests::causality_status_returns_unsupported_stub ... ok
test live_streaming::tests::causality_status_stub_still_returns_unsupported ... ok
test live_streaming::tests::causality_status_variants_are_distinct ... ok
test live_streaming::tests::drop_unregisters_handle ... ok
test live_streaming::tests::event_batch_equality ... ok
test live_streaming::tests::explicit_disconnect_unregisters_handle ... ok
test live_streaming::tests::mock_event_fields_are_independent ... ok
test live_streaming::tests::multiple_sessions_tracked_independently ... ok
test live_streaming::tests::multiple_subscriptions_count_correctly ... ok
test events_log_read::rec_c1_3_stall_tests::c14_gap_before_the_cursor_does_not_contaminate_the_page ... ok
test events_log_read::rec_c1_3_stall_tests::c14_gap_after_the_stop_point_does_not_contaminate_yet ... ok
test events_log_read::rec_c1_3_stall_tests::c14_filters_that_span_a_gap_are_gap_detected ... ok
test events_log_read::rec_c1_3_stall_tests::c14_gap_inside_the_range_is_gap_detected_with_an_exact_range ... ok
test events_log_read::rec_c1_3_stall_tests::c14_continuous_range_is_complete ... ok
test events_log_read::rec_c1_3_stall_tests::c14_only_complete_gapdetected_and_unknown_are_produced ... ok
test events_log_read::rec_c1_3_tests::by_id_reads_from_the_log_not_an_engine ... ok
test events_log_read::rec_c1_3_stall_tests::c14_two_gaps_are_reported_ordered_and_not_collapsed ... ok
test live_streaming::tests::poll_batch_stub_returns_empty_with_current_cursor ... ok
test live_streaming::tests::registry_default_is_empty ... ok
test live_streaming::tests::session_id_accessor_returns_subscribed_session ... ok
test live_streaming::tests::subscribe_registers_handle ... ok
test events_log_read::rec_c1_3_tests::page_boundary_and_exact_resume ... ok
test observe::tests::create_request_missing_condition_returns_unsupported ... ok
test observe::tests::create_tripwire_increments_active_count ... ok
test observe::tests::create_tripwire_returns_create_result ... ok
test observe::tests::create_tripwire_without_label ... ok
test observe::tests::delete_with_non_tripwire_id_returns_unsupported ... ok
test canonical_drain::tests::stop_2_derived_firings_are_not_returned_as_events ... ok
test canonical_drain::tests::stop_3_gap_makes_completeness_explicit ... ok
test observe::tests::delete_with_unknown_id_returns_not_found ... ok
test canonical_drain::tests::drain_3_raw_and_its_derived_firings_are_one_unit ... ok
test canonical_drain::tests::stop_1_reading_all_raw_is_repeatable ... ok
test canonical_drain::tests::drain_5_page_progresses_when_it_stops_early ... ok
test observe::tests::delete_with_valid_id_removes_subscription ... ok
test observe::tests::delete_without_id_returns_unsupported ... ok
test canonical_drain::tests::drain_output_cannot_be_influenced_by_transport_or_policy ... ok
test canonical_drain::tests::stop_4_undecodable_raw_fails_closed ... ok
test canonical_drain::tests::drain_7_undecodable_raw_fails_closed ... ok
test canonical_drain::tests::drain_4_cursor_inside_a_derived_cluster_is_rejected ... ok
test canonical_drain::tests::drain_6_gap_makes_completeness_explicit ... ok
test observe::tests::list_with_permanent_retention_returns_unsupported ... ok
test events_read::tests::unknown_session_reports_unavailable_not_a_fallback ... ok
test events_log_read::rec_c1_3_tests::seq_zero_is_not_lost ... ok
test events_read::tests::query_reads_from_the_session_log_with_an_opaque_cursor ... ok
test events_read::tests::by_id_reads_from_the_log ... ok
test events_read::tests::query_resumes_exactly_from_the_returned_cursor ... ok
test events_log_read::rec_c1_3_tests::two_readers_are_independent ... ok
test ops_evidence::tests::evidence_status_serde_uses_snake_case ... ok
test observe::tests::verb_update_returns_unsupported ... ok
test ops_evidence::tests::aggregate_report_deserializes_example ... ok
test ops_evidence::tests::tier_all_pass_is_cert4 ... ok
test ops_evidence::tests::tier_labels_match_ops2 ... ok
test ops_evidence::tests::tier_no_fail_with_warn_is_cert3 ... ok
test ops_evidence::tests::tier_one_fail_is_cert2 ... ok
test ops_evidence::tests::tier_three_fail_is_cert1 ... ok
test ops_evidence::tests::tier_two_fail_is_cert2 ... ok
test output::capabilities_output_has_tool_availability_and_probed_at ... ok
test output::capability_snapshot_default_serde_compat ... ok
test output::counterexample_dto_tests::counterexample_bundle_summary_dto_roundtrip_snake_case ... ok
test output::counterexample_dto_tests::counterexample_get_output_dto_dedupes_has_full_bundle ... ok
test output::counterexample_dto_tests::counterexample_list_output_dto_snake_case_keys ... ok
test output::tests::eval_result_error_roundtrips ... ok
test output::tests::eval_result_value_roundtrips ... ok
test output::tests::list_result_roundtrips ... ok
test output::tests::load_result_roundtrips ... ok
test output::tests::memory_audit_roundtrips ... ok
test output::tests::memory_read_roundtrips ... ok
test output::tests::query_events_result_roundtrips ... ok
test output::tests::register_set_roundtrips ... ok
test output::tests::save_result_roundtrips ... ok
test output::tests::state_diff_snapshot_roundtrips ... ok
test output::tests::tripwire_create_result_roundtrips ... ok
test execution_log_bootstrap::boot_tests::boot_5_corrupt_log_is_unavailable_with_its_reason ... ok
test output::tests::tripwire_delete_result_roundtrips ... ok
test output::tests::tripwire_fired_summary_roundtrips ... ok
test execution_log_bootstrap::boot_tests::delete_covers_a_duplicated_identity ... ok
test output::tests::tripwire_query_result_roundtrips ... ok
test output::tests::tripwire_summary_roundtrips ... ok
test output::tool_availability_default_is_available ... ok
test output::tool_availability_struct_serde ... ok
test probe::rec_c1_2_tests::session_creation_with_an_unopenable_log_root_fails_loudly ... ok
test output::counterexample_dto_tests::bundle_events_dto_schema_includes_returned_events ... ok
test process_metrics::live_proc_self_statm_tests::reads_real_proc_self_statm ... ok
test process_metrics::tests::handles_short_line_gracefully ... ok
test process_metrics::tests::parses_canonical_statm_fixture ... ok
test process_metrics::tests::returns_none_on_garbage_input ... ok
test process_metrics::tests::returns_none_on_missing_file ... ok
test live_streaming::tests::poll_batch_real_cursor_advances_monotonically ... ok
test live_streaming::tests::poll_batch_real_read_failure_is_not_swallowed_as_empty_batch ... ok
test live_streaming::tests::subscribe_with_log_initializes_at_session_start ... ok
test events_log_read::rec_c1_3_tests::an_undecodable_record_fails_closed_and_emits_no_cursor ... ok
test observe::tests::create_uprobe_with_no_pid_returns_probe_starting_or_ebpf_unavailable ... ok
test observe::tests::c33_uprobe_injector_port_walks_three_states ... ok
test observe::tests::c33_uprobe_unavailable_injector_returns_typed_result ... ok
test observe::tests::create_uprobe_attach_failure_surfaces_typed_injection_failed_or_ebpf_unavailable ... ok
test observe::tests::create_uprobe_without_ebpf_returns_ebpf_unsupported ... ok
test observe::tests::foreign_session_cursor_is_rejected ... ok
test live_streaming::tests::poll_batch_real_on_empty_log_returns_empty_batch ... ok
test observe::tests::list_with_retained_returns_the_same_page_as_drained ... ok
test observe::tests::query_is_non_destructive_across_calls ... ok
test observe::tests::list_after_create_includes_subscription ... ok
test observe::tests::list_with_no_subscriptions_returns_empty ... ok
test race_classifier::tests::classify_all_pairs_in_graph ... ok
test query_service::tests::list_threads_returns_thread_ids_from_engine ... ok
test race_classifier::tests::different_threads_same_address_returns_confirmed ... ok
test race_classifier::tests::empty_provenance_returns_unsupported ... ok
test race_classifier::tests::explain_returns_summary_with_reasons ... ok
test race_classifier::tests::explain_unsupported_when_events_missing ... ok
test query_service::tests::list_threads_session_not_found ... ok
test race_classifier::tests::labels_are_distinct ... ok
test race_classifier::tests::missing_event_in_graph_returns_unsupported ... ok
test race_classifier::tests::same_thread_different_timestamps_returns_suspicious ... ok
test read_path::tests::inv_2_unknown_session_is_an_error_not_an_empty_result ... ok
test read_path::tests::inv_2b_deliberately_unavailable_session_surfaces_its_reason ... ok
test read_path::tests::inv_3f_causality_status_requires_a_readable_log ... ok
test probe::rec_c1_2_tests::log_record_identity_comes_from_the_log_not_a_second_string ... ok
test probe::rec_c1_2_tests::session_log_is_mandatory_and_owned_by_construction ... ok
test probe::rec_c1_2_tests::backend_and_session_share_one_log_identity ... ok
test observe::tests::query_with_no_subscriptions_returns_empty ... ok
test probe::rec_c1_2_tests::identity_mismatch_is_rejected_at_adoption ... ok
test execution_log_bootstrap::boot_tests::boot_9_disappearing_directory_is_not_recreated_as_an_empty_log ... ok
test projection::tests::build_engine_empty_session_returns_empty_completeness ... ok
test read_path::tests::inv_3c_zero_bucket_size_panics_loudly - should panic ... ok
test events_log_read::rec_c1_3_tests::cursor_from_another_session_is_refused ... ok
test read_path::tests::falsification_read_path_needs_no_engine_at_all ... ok
test read_path::tests::inv_1b_log_handle_is_shared_not_duplicated ... ok
test read_path::tests::inv_3b_summarize_is_reachable_from_a_session_id ... ok
test read_path::tests::inv_1_session_id_alone_reaches_the_authoritative_log ... ok
test read_path::tests::inv_3e_causality_status_without_engine_is_unsupported_not_wired ... ok
test read_path::tests::inv_3d_rollup_is_reachable_from_a_session_id ... ok
test read_path::tests::inv_3_poll_batch_real_is_reachable_from_a_session_id ... ok
test read_path::tests::inv_4_poll_batch_does_not_leak_subscriptions ... ok
test events_log_read::rec_c1_3_tests::c15_by_id_under_retention_never_claims_not_found ... ok
test projection::tests::build_engine_decodes_via_shared_decode_helper ... ok
test events_read::tests::a_cursor_from_another_session_is_refused ... ok
test session_export::tests::export_atomic_write_fails_when_parent_missing ... ok
test events_log_read::rec_c1_3_tests::filters_do_not_move_the_position_to_the_match_count ... ok
test execution_log_bootstrap::boot_tests::boot_11_drop_forgets_but_restart_rediscovers ... ok
test execution_log_bootstrap::boot_tests::boot_2_restart_preserves_identities_and_evidence ... ok
test session_export::tests::export_empty_session ... ok
test counterexample::tests::m8_04_pull_engine_events_returns_session_events ... ok
test counterexample::tests::m8_05_events_count_unknown_bundle_errors ... ok
test counterexample::tests::m8_03_save_get_list_round_trip_through_session_store ... ok
test diff::tests::compare_sessions_identical_sessions_have_high_similarity ... ok
test counterexample::tests::m8_05_events_count_returns_persisted_length ... ok
test counterexample::tests::m9_01_save_persists_schema_version_1 ... ok
test diff::tests::performance_regression_audit_returns_session_not_found ... ok
test counterexample::tests::m9_91_events_missing_bundle_returns_load_failed ... ok
test session_export::tests::export_session_not_in_memory ... ok
test session_export::tests::export_zip_json_is_rejected ... ok
test counterexample::tests::m9_04_save_load_roundtrip_through_services ... ok
test counterexample::tests::m8_04_pull_engine_events_missing_session_errors ... ok
test diff::tests::compare_sessions_disjoint_sessions_have_low_similarity ... ok
test session_lifecycle::tests::dynamic_capabilities_reflects_seal_flag ... ok
test session_export::tests::export_schema_version_is_v2_export_1_otlp_json ... ok
test session_export::tests::export_schema_version_is_v2_export_1_json ... ok
test session_export::tests::export_properties_snapshot_is_empty_in_m6_05 ... ok
test session_export::tests::export_atomic_write_no_tmp_leftover_on_success ... ok
test session_export::tests::export_events_round_trip ... ok
test session_lifecycle::tests::provenance_engine_version_is_baked ... ok
test session_export::tests::export_bytes_written_positive_for_non_empty_session ... ok
test session_export::tests::export_happy_path_otlp_json ... ok
test session_export::tests::export_metadata_round_trips ... ok
test session_export::tests::export_happy_path_json ... ok
test session_export::tests::export_otlp_json_timestamp_domain_is_monotonic_honest ... ok
test session_lifecycle::tests::static_capabilities_includes_all_event_types ... ok
test session_log::tests::cih_f_concurrent_rehydrate_unavailable_preserves_first_reason ... ok
test session_log::tests::cih_f_peek_registration_panics_on_poisoned_lock - should panic ... ok
test session_log::tests::closed_handle_is_shared_with_writers_not_transferred ... ok
test projection::tests::build_engine_full_history_returns_full_completeness ... ok
test observe::tests::fire_count_facts_are_reported ... ok
test observe::tests::firing_page_2_two_consumers_do_not_steal_from_each_other ... ok
test session_log::tests::cursor_is_minted_from_the_owned_session ... ok
test session_log::tests::debug_does_not_leak_the_handle ... ok
test projection::tests::build_engine_filters_registers_and_unknown ... ok
test session_log::tests::from_capabilities_for_session_rejects_mismatch ... ok
test session_log::tests::from_capabilities_takes_identity_from_evidence_port_not_caller ... ok
test session_log::tests::map_cursor_stale_message_format_matches_test_parser ... ok
test session_log::tests::map_integrity_failure_does_not_become_cursor_stale ... ok
test session_log::tests::map_position_before_retention_yields_cursor_stale_with_values ... ok
test session_log::tests::map_sealed_does_not_become_cursor_stale ... ok
test session_log::tests::map_unavailable_does_not_become_cursor_stale ... ok
test session_log::tests::registry_keys_by_the_logs_own_identity_and_is_idempotent ... ok
test session_log::tests::registry_refuses_to_swap_the_handle_for_an_existing_session ... ok
test session_log::tests::registry_remove_drops_the_entry ... ok
test session_log::tests::registry_reports_unavailable_distinctly_from_unknown ... ok
test session_log::tests::session_log_drives_in_memory_end_to_end ... ok
test diff::tests::compare_sessions_returns_session_not_found ... ok
test observe::tests::retained_read_no_longer_destroys_the_evidence ... ok
test observe::tests::repeated_log_reads_are_idempotent_without_manager_state ... ok
test session_log::tests::compact_retired_succeeds_on_both_adapters ... ok
test session_log::tests::advance_retained_from_refuses_backwards_on_both_adapters ... ok
test session_log::tests::flush_succeeds_on_both_adapters ... ok
test session_log::tests::compaction_metrics_succeeds_on_both_adapters ... ok
test execution_log_bootstrap::boot_tests::boot_1_two_valid_logs_bootstrap_exactly_two ... ok
test execution_log_bootstrap::boot_tests::apply_publishes_exactly_the_validated_plan_and_touches_no_filesystem ... ok
test execution_log_bootstrap::boot_tests::delete_does_not_mutate_other_sessions ... ok
test counterexample::tests::m8_05_list_last_page_has_no_cursor ... ok
test counterexample::tests::m8_05_list_with_cursor_returns_next_page ... ok
test counterexample::tests::m9_91_events_pagination_with_limit_and_offset ... ok
test counterexample::tests::m9_91_events_returns_full_stream_with_no_pagination ... ok
test counterexample::tests::m8_05_list_full_page_sets_next_cursor ... ok
test counterexample::tests::m9_02_events_count_reads_from_summary ... ok
test diff::tests::performance_regression_audit_classifies_regressions_and_improvements ... ok
test counterexample::tests::m9_02_save_persists_events_count_in_summary ... ok
test session_log::tests::cih_f_concurrent_rehydrate_linearised_for_same_session ... ok
test projection::tests::build_engine_truncated_history_returns_truncated_completeness_and_refuses_require_full_history ... ok
test observe::tests::firing_page_4_tail_cursor_sees_only_new_firings ... ok
test observe::tests::firing_page_3_page_without_firings_still_advances ... ok
test state_query::tests::expression_eval_missing_expression_returns_invalid_input ... ok
test state_query::tests::memory_analysis_missing_fields_returns_invalid_input ... ok
test state_query::tests::memory_read_missing_address_returns_invalid_input ... ok
test state_query::tests::register_diff_missing_timestamp_a_returns_invalid_input ... ok
test state_query::tests::register_diff_missing_timestamp_b_returns_invalid_input ... ok
test state_query::tests::register_snapshot_missing_event_id_returns_invalid_input ... ok
test state_query::tests::session_not_found_propagates ... ok
test trace_slice::tests::slice_causality_missing_address_returns_invalid_input ... ok
test trace_slice::tests::slice_causality_ok ... ok
test trace_slice::tests::slice_crash_ok ... ok
test trace_slice::tests::slice_memory_audit_missing_address_returns_invalid_input ... ok
test trace_slice::tests::slice_memory_audit_ok ... ok
test trace_slice::tests::slice_session_not_found ... ok
test trace_slice::tests::slice_variable_origin_missing_name_returns_invalid_input ... ok
test trace_slice::tests::slice_variable_origin_ok ... ok
test projection::tests::build_engine_preserves_seq_event_id_timestamp_ns_as_independent_dimensions ... ok
test execution_log_bootstrap::boot_tests::boot_12_delete_makes_the_session_stop_being_discoverable ... ok
test session_compare::tests::compare_regression_classifies_threshold ... ok
test session_compare::tests::compare_divergence_missing_session_a_returns_invalid_input ... ok
test execution_log_bootstrap::boot_tests::boot_13_one_corrupt_session_does_not_block_the_others ... ok
test tripwires::tests::create_event_type_ok ... ok
test tripwires::tests::create_exception_type_ok ... ok
test tripwires::tests::create_function_name_ok ... ok
test tripwires::tests::create_multiple_increments_count ... ok
test tripwires::tests::delete_invalid_format_bad_number ... ok
test tripwires::tests::delete_invalid_format_missing_prefix ... ok
test tripwires::tests::delete_not_found ... ok
test tripwires::tests::delete_ok ... ok
test tripwires::tests::delete_one_of_two ... ok
test tripwires::tests::delete_twice ... ok
test tripwires::tests::delete_whitespace_trimmed ... ok
test tripwires::tests::full_lifecycle ... ok
test tripwires::tests::query_empty ... ok
test tripwires::tests::query_non_destructive ... ok
test tripwires::tests::query_one ... ok
test virtualization::tests::default_bucket_size_is_one_second ... ok
test virtualization::tests::default_threshold_is_100_000 ... ok
test virtualization::tests::empty_rollup_has_zero_everywhere ... ok
test virtualization::tests::empty_summary_has_zero_everywhere ... ok
test virtualization::tests::rec_c1_01_two_independent_consumers_get_same_view ... ok
test virtualization::tests::rec_c1_02_cursor_is_value_object_not_query_state ... ok
test virtualization::tests::rec_c1_03_advanced_to_rejects_backward ... ok
test virtualization::tests::rec_c1_04_stale_cursor_is_resumable ... ok
test virtualization::tests::rec_c1_05_session_id_is_canonical ... ok
test virtualization::tests::rec_c2_01_cursor_belongs_to_one_session ... ok
test virtualization::tests::rec_c2_02_advance_is_idempotent ... ok
test virtualization::tests::rec_c2_03_advance_monotonic_preserves_identity ... ok
test session_compare::tests::compare_divergence_preserves_summary_string ... ok
test virtualization::tests::rollup_from_uniform_invocation_counts ... ok
test virtualization::tests::rollup_max_tracks_largest_invocation ... ok
test virtualization::tests::rollup_mean_is_integer_floor ... ok
test virtualization::tests::should_summarize_above_threshold_returns_true ... ok
test virtualization::tests::should_summarize_at_threshold_returns_false ... ok
test virtualization::tests::should_summarize_below_threshold_returns_false ... ok
test session_compare::tests::compare_divergence_returns_divergence_variant ... ok
test sessions::tests::save_load_roundtrip ... ok
test virtualization::tests::summary_from_uniform_bucket_counts ... ok
test virtualization::tests::summary_mean_is_integer_floor ... ok
test virtualization::tests::summary_skips_empty_buckets ... ok
test virtualization::tests::summary_with_all_empty_buckets_returns_zero_mean ... ok
test sessions::tests::delete_session_not_found ... ok
test session_log::tests::session_log_drives_segmented_end_to_end ... ok
test session_explain::tests::explain_session_not_found ... ok
test sessions::tests::load_session_not_found ... ok
test sessions::tests::save_session_empty ... ok
test sessions::tests::delete_session_refuses_live_session_unit ... ok
test session_compare::tests::compare_regression_session_not_found ... ok
test sessions::tests::drop_session_existed ... ok
test sessions::tests::list_sessions_one ... ok
test sessions::tests::list_sessions_multiple ... ok
test sessions::tests::drop_session_not_found_idempotent ... ok
test session_explain::tests::explain_hypothesis_crash_invariant_returns_plan ... ok
test session_lifecycle::tests::capabilities_target_only_returns_static_only ... ok
test observe::tests::firing_page_1_cursor_is_after_the_last_record_examined ... ok
test observe::tests::fire_count_is_derived_not_the_mutable_tripwire_counter ... ok
test tripwire_evidence::tests::firing_count_status_is_explicit ... ok
test sessions::tests::list_sessions_empty ... ok
test sessions::tests::load_session_ok ... ok
test session_compare::tests::compare_provenance_present_on_both_kinds ... ok
test virtualization::tests::summarize_log_on_empty_log_returns_empty_summary ... ok
test virtualization::tests::summarize_log_panics_on_zero_bucket_size - should panic ... ok
test virtualization::tests::rollup_log_on_empty_log_returns_empty_rollup ... ok
test session_explain::tests::explain_facts_returns_facts_bundle ... ok
test sessions::tests::save_session_not_in_memory ... ok
test session_lifecycle::tests::start_attach_without_pid_returns_invalid_input ... ok
test sessions::tests::save_session_ok ... ok
test session_compare::tests::compare_divergence_session_not_found ... ok
test session_compare::tests::compare_regression_missing_target_returns_invalid_input ... ok
test session_lifecycle::tests::capabilities_session_not_found ... ok
test session_explain::tests::explain_inferred_crash_detected_when_signal_delivered ... ok
test session_explain::tests::explain_derived_returns_derived_bundle ... ok
test session_lifecycle::tests::mark_sealed_missing_session_returns_load_failed ... ok
test session_compare::tests::compare_regression_returns_regression_variant ... ok
test tripwire_evidence::tests::barrier_does_not_derive_from_a_firing_record ... ok
test session_explain::tests::explain_hypothesis_missing_kind_returns_invalid_input ... ok
test tripwire_evidence::tests::firing_is_derived_with_source_seq_pointing_at_the_raw_record ... ok
test session_explain::tests::explain_provenance_present_on_all_kinds ... ok
test session_explain::tests::explain_inferred_unknown_when_no_characterisation_applies ... ok
test tripwire_evidence::tests::failed_firing_append_is_reported_not_hidden ... ok
test session_lifecycle::tests::capabilities_neither_set_returns_invalid_input ... ok
test session_lifecycle::tests::capabilities_target_and_session_returns_both ... ok
test session_lifecycle::tests::start_load_returns_metadata_snapshot ... ok
test session_explain::tests::explain_inferred_single_threaded_when_thread_count_one ... ok
test session_explain::tests::explain_hypothesis_dominant_callpath_returns_plan ... ok
test session_lifecycle::tests::capabilities_session_only_returns_dynamic_only ... ok
test session_lifecycle::tests::start_spawn_requires_spawn_fields ... ok
test session_lifecycle::tests::start_attach_with_zero_pid_returns_invalid_input ... ok
test session_lifecycle::tests::start_attach_to_unknown_pid_returns_attach_failed ... ok
test session_lifecycle::tests::mark_sealed_updates_metadata_and_persists ... ok
test session_lifecycle::tests::start_load_session_not_found ... ok
test sessions::tests::cih_f_missing_durable_log_records_unavailable_keeps_metadata ... ok
test sessions::tests::cih_f_corrupt_durable_log_records_unavailable_keeps_metadata ... ok
test sessions::tests::cih_f_repeated_load_does_not_overwrite_existing_handle ... ok
test sessions::tests::cih_f_single_session_save_drop_load_query ... ok
test sessions::tests::cih_f_real_restart_bootstrap_equivalent_to_load_session ... ok
test sessions::tests::cih_f_multi_session_load_one_does_not_disturb_another ... ok
test events_log_read::rec_c1_3_tests::t1_limit_larger_than_one_inner_chunk_is_honoured ... ok
test events_log_read::rec_c1_3_tests::t2_matches_beyond_the_first_chunk_are_found ... ok
test events_log_read::rec_c1_3_tests::t3_scan_continues_after_a_gap_between_chunks ... ok
test tripwire_evidence::tests::firing_page_is_bounded_by_the_scan_budget ... ok
test sessions::tests::delete_session_ok ... ok
test sessions::tests::delete_session_after_unconnected_succeeds ... ok
test tripwire_evidence::tests::firing_page_has_no_hidden_page_cap ... ok

test result: ok. 539 passed; 0 failed; 0 ignored; 0 measured; 0 filtered out; finished in 26.60s

